{"type":"server-started","port":52189,"host":"127.0.0.1","url_host":"localhost","url":"http://localhost:52189","screen_dir":"/Users/lvxiang/workspace/lingxi/.superpowers/brainstorm/48149-1780035073/content","state_dir":"/Users/lvxiang/workspace/lingxi/.superpowers/brainstorm/48149-1780035073/state"}
{"type":"screen-added","file":"/Users/lvxiang/workspace/lingxi/.superpowers/brainstorm/48149-1780035073/content/navigation.html"}
{"source":"user-event","type":"click","text":"B\n    \n      单屏 + 侧边面板\n      对话是唯一主屏幕，取消底部导航栏\n      右上角一个\"工具\"按钮，点击弹出侧边面板/底部Sheet，包含日历、记账入口\n      角色设置放在顶部 AppBar 的头像菜单里\n      全屏沉浸式对话体验","choice":"b","id":null,"timestamp":1780035187164}
{"source":"user-event","type":"click","text":"B\n    \n      单屏 + 侧边面板\n      对话是唯一主屏幕，取消底部导航栏\n      右上角一个\"工具\"按钮，点击弹出侧边面板/底部Sheet，包含日历、记账入口\n      角色设置放在顶部 AppBar 的头像菜单里\n      全屏沉浸式对话体验","choice":"b","id":null,"timestamp":1780035189713}
{"source":"user-event","type":"click","text":"C\n    \n      3-Tab 模式\n      底部保留：对话 + 助手（日历+记账合一）+ 角色\n      \"助手\"页面是一个统一的工具中心，日历和记账在同一个页面内用 TabBar 切换\n      底部: [💬 对话] [🔧 助手] [🎭 角色]","choice":"c","id":null,"timestamp":1780035221796}
{"source":"user-event","type":"click","text":"B\n    \n      单屏 + 侧边面板\n      对话是唯一主屏幕，取消底部导航栏\n      右上角一个\"工具\"按钮，点击弹出侧边面板/底部Sheet，包含日历、记账入口\n      角色设置放在顶部 AppBar 的头像菜单里\n      全屏沉浸式对话体验","choice":"b","id":null,"timestamp":1780035222479}
{"source":"user-event","type":"click","text":"B\n    \n      单屏 + 侧边面板\n      对话是唯一主屏幕，取消底部导航栏\n      右上角一个\"工具\"按钮，点击弹出侧边面板/底部Sheet，包含日历、记账入口\n      角色设置放在顶部 AppBar 的头像菜单里\n      全屏沉浸式对话体验","choice":"b","id":null,"timestamp":1780035223863}
{"source":"user-event","type":"click","text":"B\n    \n      单屏 + 侧边面板\n      对话是唯一主屏幕，取消底部导航栏\n      右上角一个\"工具\"按钮，点击弹出侧边面板/底部Sheet，包含日历、记账入口\n      角色设置放在顶部 AppBar 的头像菜单里\n      全屏沉浸式对话体验","choice":"b","id":null,"timestamp":1780035229378}
{"source":"user-event","type":"click","text":"B\n    \n      单屏 + 侧边面板\n      对话是唯一主屏幕，取消底部导航栏\n      右上角一个\"工具\"按钮，点击弹出侧边面板/底部Sheet，包含日历、记账入口\n      角色设置放在顶部 AppBar 的头像菜单里\n      全屏沉浸式对话体验","choice":"b","id":null,"timestamp":1780035230395}
{"source":"user-event","type":"click","text":"B\n    \n      单屏 + 侧边面板\n      对话是唯一主屏幕，取消底部导航栏\n      右上角一个\"工具\"按钮，点击弹出侧边面板/底部Sheet，包含日历、记账入口\n      角色设置放在顶部 AppBar 的头像菜单里\n      全屏沉浸式对话体验","choice":"b","id":null,"timestamp":1780035230995}
{"type":"screen-added","file":"/Users/lvxiang/workspace/lingxi/.superpowers/brainstorm/48149-1780035073/content/animation-tech.html"}
{"source":"user-event","type":"click","text":"A\n    \n      Rive 动画引擎 ⭐ 推荐\n      原理：矢量骨骼动画，可在 Rive 编辑器里创建角色 rigging，定义 Idle / Talk / Dance 等状态机\n      Flutter SDK：rive 0.13+ 包，原生支持状态机驱动、实时参数控制（如 mouthOpen 0→1）\n      优点：文件小（几十KB）、放大不失真、通过参数实时控制嘴部开合、动画之间平滑过渡\n      缺点：需要设计/寻找 .riv 角色文件，或自己用 Rive 编辑器制作\n      社区有免费的 anime character Rive 资源可用","choice":"rive","id":null,"timestamp":1780035328896}
{"source":"user-event","type":"click","text":"A\n    \n      Rive 动画引擎 ⭐ 推荐\n      原理：矢量骨骼动画，可在 Rive 编辑器里创建角色 rigging，定义 Idle / Talk / Dance 等状态机\n      Flutter SDK：rive 0.13+ 包，原生支持状态机驱动、实时参数控制（如 mouthOpen 0→1）\n      优点：文件小（几十KB）、放大不失真、通过参数实时控制嘴部开合、动画之间平滑过渡\n      缺点：需要设计/寻找 .riv 角色文件，或自己用 Rive 编辑器制作\n      社区有免费的 anime character Rive 资源可用","choice":"rive","id":null,"timestamp":1780035346661}
{"source":"user-event","type":"click","text":"B\n    \n      Live2D Cubism SDK\n      原理：专业的 2D 伪 3D 技术，通过变形网格实现角色旋转、表情、口型\n      优点：效果最精细，日系动漫风格原生支持，社区模型资源丰富\n      缺点：SDK 需商业授权（免费版有限制），Flutter 集成复杂（需原生插件桥接），模型文件大\n      实现复杂度高，SDK许可证有约束","choice":"live2d","id":null,"timestamp":1780035353379}
{"source":"user-event","type":"click","text":"A\n    \n      Rive 动画引擎 ⭐ 推荐\n      原理：矢量骨骼动画，可在 Rive 编辑器里创建角色 rigging，定义 Idle / Talk / Dance 等状态机\n      Flutter SDK：rive 0.13+ 包，原生支持状态机驱动、实时参数控制（如 mouthOpen 0→1）\n      优点：文件小（几十KB）、放大不失真、通过参数实时控制嘴部开合、动画之间平滑过渡\n      缺点：需要设计/寻找 .riv 角色文件，或自己用 Rive 编辑器制作\n      社区有免费的 anime character Rive 资源可用","choice":"rive","id":null,"timestamp":1780035433059}
{"source":"user-event","type":"click","text":"A\n    \n      Rive 动画引擎 ⭐ 推荐\n      原理：矢量骨骼动画，可在 Rive 编辑器里创建角色 rigging，定义 Idle / Talk / Dance 等状态机\n      Flutter SDK：rive 0.13+ 包，原生支持状态机驱动、实时参数控制（如 mouthOpen 0→1）\n      优点：文件小（几十KB）、放大不失真、通过参数实时控制嘴部开合、动画之间平滑过渡\n      缺点：需要设计/寻找 .riv 角色文件，或自己用 Rive 编辑器制作\n      社区有免费的 anime character Rive 资源可用","choice":"rive","id":null,"timestamp":1780035437460}
{"type":"screen-added","file":"/Users/lvxiang/workspace/lingxi/.superpowers/brainstorm/48149-1780035073/content/tools-panel.html"}
{"source":"user-event","type":"click","text":"A\n    \n      Tab 切换面板 ⭐ 推荐\n      侧边面板顶部两个 Tab：「📅 日历」「💰 记账」\n      默认显示\"今日概览\"卡片（今日事件 + 今日支出汇总），点击 Tab 进入完整列表\n      面板从右侧滑出，宽度约屏幕 80%，半透明背景不遮挡角色\n      \n        面板结构示意\n        \n          \n            📅 日历\n            💰 记账\n          \n          \n            📌 今天 · 2024-05-29\n            \n              10:00 团队周会\n            \n            \n              午餐 -¥35.00","choice":"tab","id":null,"timestamp":1780035502760}
{"type":"screen-added","file":"/Users/lvxiang/workspace/lingxi/.superpowers/brainstorm/48149-1780035073/content/character-style.html"}
{"source":"user-event","type":"click","text":"A\n    \n      Q版 / Chibi 风格 ⭐ 推荐\n      特点：大头小身体，圆润可爱，表情夸张，动作幅度大\n      动画优势：嘴部区域大 → 口型动画明显，旋转/跳舞等动作视觉效果好，制作简单\n      适合场景：虚拟助手/VTuber 风格，亲和力强\n      类似：原神 Q版角色、B站 2233 娘 Q版","choice":"chibi","id":null,"timestamp":1780035708316}
{"source":"user-event","type":"click","text":"A\n    \n      Q版 / Chibi 风格 ⭐ 推荐\n      特点：大头小身体，圆润可爱，表情夸张，动作幅度大\n      动画优势：嘴部区域大 → 口型动画明显，旋转/跳舞等动作视觉效果好，制作简单\n      适合场景：虚拟助手/VTuber 风格，亲和力强\n      类似：原神 Q版角色、B站 2233 娘 Q版","choice":"chibi","id":null,"timestamp":1780035750000}
{"source":"user-event","type":"click","text":"B\n    \n      日系少女风格\n      特点：正常比例，精致画风，长发/服饰细节丰富，温柔优雅\n      动画优势：头发和裙摆飘动效果好，旋转时服饰动态优美\n      挑战：制作更复杂，嘴部比例小可能动画不明显，文件更大\n      类似：初音未来、hololive VTuber","choice":"shojo","id":null,"timestamp":1780035751566}
{"source":"user-event","type":"click","text":"C\n    \n      极简几何风格\n      特点：扁平几何图形构成，色块拼接，现代简约\n      动画优势：制作最简单，文件最小，性能最佳\n      挑战：缺少\"动漫人物\"的感觉，可能不够可爱\n      类似：Duolingo 猫头鹰、Snapchat Bitmoji","choice":"simple","id":null,"timestamp":1780035753316}
{"source":"user-event","type":"click","text":"B\n    \n      日系少女风格\n      特点：正常比例，精致画风，长发/服饰细节丰富，温柔优雅\n      动画优势：头发和裙摆飘动效果好，旋转时服饰动态优美\n      挑战：制作更复杂，嘴部比例小可能动画不明显，文件更大\n      类似：初音未来、hololive VTuber","choice":"shojo","id":null,"timestamp":1780035753882}
{"source":"user-event","type":"click","text":"A\n    \n      Q版 / Chibi 风格 ⭐ 推荐\n      特点：大头小身体，圆润可爱，表情夸张，动作幅度大\n      动画优势：嘴部区域大 → 口型动画明显，旋转/跳舞等动作视觉效果好，制作简单\n      适合场景：虚拟助手/VTuber 风格，亲和力强\n      类似：原神 Q版角色、B站 2233 娘 Q版","choice":"chibi","id":null,"timestamp":1780035756182}
{"type":"screen-added","file":"/Users/lvxiang/workspace/lingxi/.superpowers/brainstorm/48149-1780035073/content/overall-design.html"}
{"type":"screen-added","file":"/Users/lvxiang/workspace/lingxi/.superpowers/brainstorm/48149-1780035073/content/waiting.html"}
{"type":"server-stopped","reason":"idle timeout"}
